// Jest Snapshot v1, https://goo.gl/fbAQLP

exports[`snapshot 1`] = `
<div
  className="cart"
>
  <div
    className="cart-sum"
    data-testid="sum"
  >
    Toplam Tutar: 
    0
  </div>
</div>
`;
